     = ("montladder",
       (["OUT"; "K"; "U"], [],
       noreassign
         (noskips
            (cmd.stackalloc "X1" size_in_bytes
               (cmd.seq (cmd.call [] from_word ["X1"; 1])
                  (cmd.stackalloc "Z1" size_in_bytes
                     (cmd.seq (cmd.call [] from_word ["Z1"; 0])
                        (cmd.stackalloc "X2" size_in_bytes
                           (cmd.seq (cmd.call [] felem_copy ["X2"; "U"])
                              (cmd.stackalloc "Z2" size_in_bytes
                                 (cmd.seq (cmd.call [] from_word ["Z2"; 1])
                                    (cmd.seq (cmd.set "swap" (word.unsigned (word.b2w false)))
                                       (cmd.seq (cmd.set "_gs_i0" (word.unsigned (word.of_Z (Z.of_nat 253))))
                                          (cmd.seq
                                             (cmd.while (expr.op bopname.ltu 0 "_gs_i0")
                                                (cmd.seq (cmd.set "_gs_i0" (expr.op bopname.sub "_gs_i0" 1))
                                                   (cmd.seq
                                                      (cmd.set "s_i"
                                                         (expr.op bopname.and
                                                            (expr.op bopname.sru
                                                               (expr.load access_size.one (expr.op bopname.add "K" (expr.op bopname.sru "_gs_i0" 3)))
                                                               (expr.op bopname.and "_gs_i0" 7)) 1))
                                                      (cmd.seq (cmd.set "swap" (expr.op bopname.xor "swap" "s_i"))
                                                         (cmd.seq (cmd.call [] "felem_cswap" ["swap"; "X1"; "X2"])
                                                            (cmd.seq (cmd.call [] "felem_cswap" ["swap"; "Z1"; "Z2"])
                                                               (cmd.seq (cmd.call [] "ladderstep" ["U"; "X1"; "Z1"; "X2"; "Z2"])
                                                                  (cmd.seq (cmd.set "swap" "s_i") (cmd.seq (cmd.unset "s_i") cmd.skip)))))))))
                                             (cmd.seq (cmd.call [] "felem_cswap" ["swap"; "X1"; "X2"])
                                                (cmd.seq (cmd.call [] "felem_cswap" ["swap"; "Z1"; "Z2"])
                                                   (cmd.seq (cmd.call [] "fe25519_inv" ["OUT"; "Z1"]) (cmd.seq (cmd.call [] mul ["OUT"; "X1"; "OUT"]) cmd.skip))))))))))))))))))
     : string * func
